******************************************************************************
                  TI ARM Linker PC v20.2.7                     
******************************************************************************
>> Linked Sun Feb  4 15:34:23 2024

OUTPUT FILE NAME:   <AUTOSAR_Project.out>
ENTRY POINT SYMBOL: "_c_int00_noargs"  address: 00001b35


MEMORY CONFIGURATION

         name            origin    length      used     unused   attr    fill
----------------------  --------  ---------  --------  --------  ----  --------
  FLASH                 00000000   00040000  00001d46  0003e2ba  R  X
  SRAM                  20000000   00008000  00000216  00007dea  RW X


SEGMENT ALLOCATION MAP

run origin  load origin   length   init length attrs members
----------  ----------- ---------- ----------- ----- -------
00000000    00000000    00001d48   00001d48    r-x
  00000000    00000000    0000026c   0000026c    r-- .intvecs
  0000026c    0000026c    0000195e   0000195e    r-x .text
  00001bca    00001bca    0000015c   0000015c    r-- .const
  00001d28    00001d28    00000020   00000020    r-- .cinit
20000000    20000000    00000216   00000000    rw-
  20000000    20000000    00000200   00000000    rw- .stack
  20000200    20000200    00000016   00000000    rw- .data


SECTION ALLOCATION MAP

 output                                  attributes/
section   page    origin      length       input sections
--------  ----  ----------  ----------   ----------------
.intvecs   0    00000000    0000026c     
                  00000000    0000026c     tm4c123gh6pm_startup_ccs.obj (.intvecs)

.text      0    0000026c    0000195e     
                  0000026c    00001238     Port.obj (.text)
                  000014a4    0000030c     Dio.obj (.text)
                  000017b0    000000a8     Os.obj (.text)
                  00001858    0000009c     rtsv7M4_T_le_v4SPD16_eabi.lib : memcpy_t2.asm.obj (.text)
                  000018f4    0000007c     Button.obj (.text)
                  00001970    0000007c     Gpt.obj (.text)
                  000019ec    00000068     rtsv7M4_T_le_v4SPD16_eabi.lib : copy_decompress_lzss.c.obj (.text:decompress:lzss:__TI_decompress_lzss)
                  00001a54    0000005c     App.obj (.text)
                  00001ab0    00000044     rtsv7M4_T_le_v4SPD16_eabi.lib : autoinit.c.obj (.text:__TI_auto_init_nobinit_nopinit:__TI_auto_init_nobinit_nopinit)
                  00001af4    0000003e     Led.obj (.text)
                  00001b32    00000002     --HOLE-- [fill = 0]
                  00001b34    00000034     rtsv7M4_T_le_v4SPD16_eabi.lib : boot_cortex_m.c.obj (.text:_c_int00_noargs:_c_int00_noargs)
                  00001b68    00000020     Mcu.obj (.text)
                  00001b88    00000016     Det.obj (.text)
                  00001b9e    0000000e     rtsv7M4_T_le_v4SPD16_eabi.lib : copy_decompress_none.c.obj (.text:decompress:none:__TI_decompress_none)
                  00001bac    0000000c     tm4c123gh6pm_startup_ccs.obj (.text)
                  00001bb8    0000000a     main.obj (.text)
                  00001bc2    00000004     rtsv7M4_T_le_v4SPD16_eabi.lib : pre_init.c.obj (.text:_system_pre_init)
                  00001bc6    00000004                                   : exit.c.obj (.text:abort:abort)

.const     0    00001bca    0000015c     
                  00001bca    00000158     Port_PBcfg.obj (.const:port_configuration)
                  00001d22    00000004     Dio_PBcfg.obj (.const:Dio_Configuration)

.cinit     0    00001d28    00000020     
                  00001d28    0000000e     (.cinit..data.load) [load image, compression = lzss]
                  00001d36    00000002     --HOLE-- [fill = 0]
                  00001d38    00000008     (__TI_handler_table)
                  00001d40    00000008     (__TI_cinit_table)

.init_array 
*          0    00000000    00000000     UNINITIALIZED

.data      0    20000200    00000016     UNINITIALIZED
                  20000200    00000005     Dio.obj (.data)
                  20000205    00000003     Button.obj (.data)
                  20000208    00000005     Port.obj (.data)
                  2000020d    00000002     App.obj (.data)
                  2000020f    00000001     --HOLE--
                  20000210    00000004     Gpt.obj (.data)
                  20000214    00000002     Os.obj (.data)

.stack     0    20000000    00000200     UNINITIALIZED
                  20000000    00000004     rtsv7M4_T_le_v4SPD16_eabi.lib : boot_cortex_m.c.obj (.stack)
                  20000004    000001fc     --HOLE--

__llvm_prf_cnts 
*          0    20000000    00000000     UNINITIALIZED

MODULE SUMMARY

       Module                         code   ro data   rw data
       ------                         ----   -------   -------
    .\
       Port.obj                       4664   0         5      
       Dio.obj                        780    0         5      
       tm4c123gh6pm_startup_ccs.obj   12     620       0      
       Port_PBcfg.obj                 0      344       0      
       Os.obj                         168    0         2      
       Gpt.obj                        124    0         4      
       Button.obj                     124    0         3      
       App.obj                        92     0         2      
       Led.obj                        62     0         0      
       Mcu.obj                        32     0         0      
       Det.obj                        22     0         0      
       main.obj                       10     0         0      
       Dio_PBcfg.obj                  0      4         0      
    +--+------------------------------+------+---------+---------+
       Total:                         6090   968       21     
                                                              
    C:\ti\ccs1250\ccs\tools\compiler\ti-cgt-arm_20.2.7.LTS\lib\rtsv7M4_T_le_v4SPD16_eabi.lib
       memcpy_t2.asm.obj              156    0         0      
       copy_decompress_lzss.c.obj     104    0         0      
       autoinit.c.obj                 68     0         0      
       boot_cortex_m.c.obj            52     0         0      
       copy_decompress_none.c.obj     14     0         0      
       exit.c.obj                     4      0         0      
       pre_init.c.obj                 4      0         0      
    +--+------------------------------+------+---------+---------+
       Total:                         402    0         0      
                                                              
       Stack:                         0      0         512    
       Linker Generated:              0      30        0      
    +--+------------------------------+------+---------+---------+
       Grand Total:                   6492   998       533    


LINKER GENERATED COPY TABLES

__TI_cinit_table @ 00001d40 records: 1, size/record: 8, table size: 8
	.data: load addr=00001d28, load size=0000000e bytes, run addr=20000200, run size=00000016 bytes, compression=lzss


LINKER GENERATED HANDLER TABLE

__TI_handler_table @ 00001d38 records: 2, size/record: 4, table size: 8
	index: 0, handler: __TI_decompress_lzss
	index: 1, handler: __TI_decompress_none


GLOBAL SYMBOLS: SORTED ALPHABETICALLY BY Name 

address   name                          
-------   ----                          
00001a79  App_Task                      
000018f5  Button_GetState               
000018fb  Button_RefreshState           
00001a69  Button_Task                   
00001bc7  C$$EXIT                       
00001b89  Det_ReportError               
00001d22  Dio_Configuration             
00001683  Dio_FlipChannel               
000014a5  Dio_Init                      
000015a9  Dio_ReadChannel               
000014c9  Dio_WriteChannel              
00001a55  Init_Task                     
00001b0d  Led_RefreshOutput             
00001b01  Led_SetOff                    
00001af5  Led_SetOn                     
00001a71  Led_Task                      
00001b25  Led_Toggle                    
00001b69  Mcu_Init                      
000017cb  Os_NewTimerTick               
000017db  Os_Scheduler                  
000017b1  Os_start                      
00000d47  Port_GetVersionInfo           
0000026d  Port_Init                     
00000c55  Port_RefreshPortDirection     
00000ac9  Port_SetPinDirection          
00000d7f  Port_SetPinMode               
00001bad  ResetISR                      
00001971  SysTick_Handler               
000019c9  SysTick_SetCallBack           
00001981  SysTick_Start                 
000019c1  SysTick_Stop                  
20000200  __STACK_END                   
00000200  __STACK_SIZE                  
20000200  __STACK_TOP                   
00001d40  __TI_CINIT_Base               
00001d48  __TI_CINIT_Limit              
00001d38  __TI_Handler_Table_Base       
00001d40  __TI_Handler_Table_Limit      
00001ab1  __TI_auto_init_nobinit_nopinit
000019ed  __TI_decompress_lzss          
00001b9f  __TI_decompress_none          
ffffffff  __TI_pprof_out_hndl           
ffffffff  __TI_prof_data_size           
ffffffff  __TI_prof_data_start          
00000000  __TI_static_base__            
00001859  __aeabi_memcpy                
00001859  __aeabi_memcpy4               
00001859  __aeabi_memcpy8               
ffffffff  __binit__                     
ffffffff  __c_args__                    
UNDEFED   __mpu_init                    
20000000  __stack                       
20000000  __start___llvm_prf_cnts       
20000000  __stop___llvm_prf_cnts        
00001b35  _c_int00_noargs               
UNDEFED   _system_post_cinit            
00001bc3  _system_pre_init              
00001bc7  abort                         
ffffffff  binit                         
00000000  g_pfnVectors                  
00001bb9  main                          
00001859  memcpy                        
00001bca  port_configuration            


GLOBAL SYMBOLS: SORTED BY Symbol Address 

address   name                          
-------   ----                          
00000000  __TI_static_base__            
00000000  g_pfnVectors                  
00000200  __STACK_SIZE                  
0000026d  Port_Init                     
00000ac9  Port_SetPinDirection          
00000c55  Port_RefreshPortDirection     
00000d47  Port_GetVersionInfo           
00000d7f  Port_SetPinMode               
000014a5  Dio_Init                      
000014c9  Dio_WriteChannel              
000015a9  Dio_ReadChannel               
00001683  Dio_FlipChannel               
000017b1  Os_start                      
000017cb  Os_NewTimerTick               
000017db  Os_Scheduler                  
00001859  __aeabi_memcpy                
00001859  __aeabi_memcpy4               
00001859  __aeabi_memcpy8               
00001859  memcpy                        
000018f5  Button_GetState               
000018fb  Button_RefreshState           
00001971  SysTick_Handler               
00001981  SysTick_Start                 
000019c1  SysTick_Stop                  
000019c9  SysTick_SetCallBack           
000019ed  __TI_decompress_lzss          
00001a55  Init_Task                     
00001a69  Button_Task                   
00001a71  Led_Task                      
00001a79  App_Task                      
00001ab1  __TI_auto_init_nobinit_nopinit
00001af5  Led_SetOn                     
00001b01  Led_SetOff                    
00001b0d  Led_RefreshOutput             
00001b25  Led_Toggle                    
00001b35  _c_int00_noargs               
00001b69  Mcu_Init                      
00001b89  Det_ReportError               
00001b9f  __TI_decompress_none          
00001bad  ResetISR                      
00001bb9  main                          
00001bc3  _system_pre_init              
00001bc7  C$$EXIT                       
00001bc7  abort                         
00001bca  port_configuration            
00001d22  Dio_Configuration             
00001d38  __TI_Handler_Table_Base       
00001d40  __TI_CINIT_Base               
00001d40  __TI_Handler_Table_Limit      
00001d48  __TI_CINIT_Limit              
20000000  __stack                       
20000000  __start___llvm_prf_cnts       
20000000  __stop___llvm_prf_cnts        
20000200  __STACK_END                   
20000200  __STACK_TOP                   
ffffffff  __TI_pprof_out_hndl           
ffffffff  __TI_prof_data_size           
ffffffff  __TI_prof_data_start          
ffffffff  __binit__                     
ffffffff  __c_args__                    
ffffffff  binit                         
UNDEFED   __mpu_init                    
UNDEFED   _system_post_cinit            

[63 symbols]
